// Jest Snapshot v1, https://goo.gl/fbAQLP

exports[`widgets/guestBadge should match the snapshot on show 1`] = `
<div>
  <div
    class="AdminBadge"
  >
    <div
      class="AdminBadge__box"
    >
      Admin
    </div>
  </div>
</div>
`;
